[Tue 07/07/2026 12:44:29.42] "Backend API health check passed after 3 attempts" 
